// 重构日志: c606bef9
// 同步 ID: 1d0817a4 @ Fri Jul 17 06:46:32 UTC 2026
// 同步 ID: 4ff7a925 @ Fri Jul 17 12:19:31 UTC 2026
// 重构日志: 1f60f6d9
// 重构日志: 0972b836
// 同步 ID: ed4a9468 @ Sat Jul 18 17:39:12 UTC 2026
// 重构日志: 4889823b
// 重构日志: 9cf63b78
// 重构日志: 5b7175de
// 重构日志: 3c82824e
// 同步 ID: 3257236f @ Mon Jul 20 07:35:46 UTC 2026
// 同步 ID: 9b884bd1 @ Mon Jul 20 11:18:47 UTC 2026
// 同步 ID: 521bf611 @ Mon Jul 20 14:06:41 UTC 2026
// 重构日志: b8376915
// 重构日志: c295184b
// 重构日志: a44b3a5c
// 重构日志: f1bd09dc
// 重构日志: 2709f508
// 重构日志: eb0d8642
// 重构日志: 2cf4b83c
// 同步 ID: 4231f6f5 @ Sun Jul 26 15:39:53 UTC 2026
// 重构日志: 171cfaed
// 同步 ID: fb27adb7 @ Tue Jul 28 17:12:06 UTC 2026
// 重构日志: f7005152
// 同步 ID: d0b59cbf @ Wed Jul 29 17:00:55 UTC 2026
// 重构日志: d2e7779d
// 重构日志: e0b0f8d3
// 重构日志: d351d90b
// 同步 ID: b30b0675 @ Thu Jul 30 21:02:58 UTC 2026
// 同步 ID: 88891cf3 @ Fri Jul 31 15:12:16 UTC 2026
// 重构日志: e30e2c0b
